// Jest Snapshot v1, https://goo.gl/fbAQLP

exports[`<Container /> should match snapshot 1`] = `
<DocumentFragment>
  <div
    class="container-0-2-1"
  >
    <span>
      children
    </span>
  </div>
</DocumentFragment>
`;
